// Jest Snapshot v1, https://goo.gl/fbAQLP

exports[`Pruebas en <CalendarScreen/> debe renderizarse correctamente 1`] = `
<main
  className="calendar-screen MuiBox-root css-0"
>
  <div
    className="MuiBox-root css-i9gxme"
  >
    <header
      className="MuiPaper-root MuiPaper-elevation MuiPaper-elevation4 MuiAppBar-root MuiAppBar-colorPrimary MuiAppBar-positionStatic css-hip9hq-MuiPaper-root-MuiAppBar-root"
    >
      <div
        className="MuiToolbar-root MuiToolbar-gutters MuiToolbar-regular css-1t29gy6-MuiToolbar-root"
      >
        <div
          className="css-e53awj-MuiStack-root"
        >
          <div
            className="MuiAvatar-root MuiAvatar-circular MuiAvatar-colorDefault css-c6b2m7-MuiAvatar-root"
          >
            u+
          </div>
        </div>
        <span
          className="MuiTypography-root MuiTypography-span css-1w0zw7x-MuiTypography-root"
        />
        Array [
          <span
            aria-label="addEvent"
            aria-labelledby={null}
            className="MuiButtonBase-root MuiIconButton-root MuiIconButton-colorInherit MuiIconButton-sizeMedium css-zylse7-MuiButtonBase-root-MuiIconButton-root"
            data-mui-internal-clone-element={true}
            onBlur={[Function]}
            onClick={[Function]}
            onContextMenu={[Function]}
            onDragLeave={[Function]}
            onFocus={[Function]}
            onKeyDown={[Function]}
            onKeyUp={[Function]}
            onMouseDown={[Function]}
            onMouseLeave={[Function]}
            onMouseOver={[Function]}
            onMouseUp={[Function]}
            onTouchEnd={[Function]}
            onTouchMove={[Function]}
            onTouchStart={[Function]}
            role="button"
            tabIndex={0}
          >
            <svg
              aria-hidden={true}
              className="MuiSvgIcon-root MuiSvgIcon-fontSizeSmall css-ptiqhd-MuiSvgIcon-root"
              data-testid="EventIcon"
              focusable="false"
              viewBox="0 0 24 24"
            >
              <path
                d="M17 12h-5v5h5v-5zM16 1v2H8V1H6v2H5c-1.11 0-1.99.9-1.99 2L3 19c0 1.1.89 2 2 2h14c1.1 0 2-.9 2-2V5c0-1.1-.9-2-2-2h-1V1h-2zm3 18H5V8h14v11z"
              />
            </svg>
            <span
              className="MuiTouchRipple-root css-8je8zh-MuiTouchRipple-root"
            />
          </span>,
          "",
        ]
        Array [
          <span
            aria-label="logout"
            aria-labelledby={null}
            className="MuiButtonBase-root MuiIconButton-root MuiIconButton-colorInherit MuiIconButton-sizeMedium css-zylse7-MuiButtonBase-root-MuiIconButton-root"
            data-mui-internal-clone-element={true}
            onBlur={[Function]}
            onClick={[Function]}
            onContextMenu={[Function]}
            onDragLeave={[Function]}
            onFocus={[Function]}
            onKeyDown={[Function]}
            onKeyUp={[Function]}
            onMouseDown={[Function]}
            onMouseLeave={[Function]}
            onMouseOver={[Function]}
            onMouseUp={[Function]}
            onTouchEnd={[Function]}
            onTouchMove={[Function]}
            onTouchStart={[Function]}
            role="button"
            tabIndex={0}
          >
            <svg
              aria-hidden={true}
              className="MuiSvgIcon-root MuiSvgIcon-fontSizeSmall css-ptiqhd-MuiSvgIcon-root"
              data-testid="LogoutIcon"
              focusable="false"
              viewBox="0 0 24 24"
            >
              <path
                d="m17 7-1.41 1.41L18.17 11H8v2h10.17l-2.58 2.58L17 17l5-5zM4 5h8V3H4c-1.1 0-2 .9-2 2v14c0 1.1.9 2 2 2h8v-2H4V5z"
              />
            </svg>
            <span
              className="MuiTouchRipple-root css-8je8zh-MuiTouchRipple-root"
            />
          </span>,
          "",
        ]
      </div>
    </header>
  </div>
  <div
    className="rbc-calendar"
  >
    <div
      className="rbc-toolbar"
    >
      <span
        className="rbc-btn-group"
      >
        <button
          onClick={[Function]}
          type="button"
        >
          Hoy
        </button>
        <button
          onClick={[Function]}
          type="button"
        >
          «
        </button>
        <button
          onClick={[Function]}
          type="button"
        >
          »
        </button>
      </span>
      <span
        className="rbc-toolbar-label"
      >
        noviembre 2021
      </span>
      <span
        className="rbc-btn-group"
      >
        <button
          className="rbc-active"
          key="month"
          onClick={[Function]}
          type="button"
        >
          Mes
        </button>
        <button
          className=""
          key="week"
          onClick={[Function]}
          type="button"
        >
          Semana
        </button>
        <button
          className=""
          key="day"
          onClick={[Function]}
          type="button"
        >
          Día
        </button>
        <button
          className=""
          key="agenda"
          onClick={[Function]}
          type="button"
        >
          Agenda
        </button>
      </span>
    </div>
    <div
      aria-label="Month View"
      className="rbc-month-view"
      role="table"
    >
      <div
        className="rbc-row rbc-month-header"
        role="row"
      >
        <div
          className="rbc-header"
          key="header_0"
        >
          <span
            aria-sort="none"
            role="columnheader"
          >
            dom.
          </span>
        </div>
        <div
          className="rbc-header"
          key="header_1"
        >
          <span
            aria-sort="none"
            role="columnheader"
          >
            lun.
          </span>
        </div>
        <div
          className="rbc-header"
          key="header_2"
        >
          <span
            aria-sort="none"
            role="columnheader"
          >
            mar.
          </span>
        </div>
        <div
          className="rbc-header"
          key="header_3"
        >
          <span
            aria-sort="none"
            role="columnheader"
          >
            mié.
          </span>
        </div>
        <div
          className="rbc-header"
          key="header_4"
        >
          <span
            aria-sort="none"
            role="columnheader"
          >
            jue.
          </span>
        </div>
        <div
          className="rbc-header"
          key="header_5"
        >
          <span
            aria-sort="none"
            role="columnheader"
          >
            vie.
          </span>
        </div>
        <div
          className="rbc-header"
          key="header_6"
        >
          <span
            aria-sort="none"
            role="columnheader"
          >
            sáb.
          </span>
        </div>
      </div>
      <div
        className="rbc-month-row"
        role="rowgroup"
      >
        <div
          className="rbc-row-bg"
        >
          <div
            className="rbc-day-bg rbc-off-range-bg"
          />
          <div
            className="rbc-day-bg"
          />
          <div
            className="rbc-day-bg"
          />
          <div
            className="rbc-day-bg"
          />
          <div
            className="rbc-day-bg"
          />
          <div
            className="rbc-day-bg"
          />
          <div
            className="rbc-day-bg"
          />
        </div>
        <div
          className="rbc-row-content"
          role="row"
        >
          <div
            className="rbc-row "
          >
            <div
              className="rbc-date-cell rbc-off-range"
              key="header_0"
              role="cell"
            >
              <a
                href="#"
                onClick={[Function]}
                role="cell"
              >
                31
              </a>
            </div>
            <div
              className="rbc-date-cell"
              key="header_1"
              role="cell"
            >
              <a
                href="#"
                onClick={[Function]}
                role="cell"
              >
                01
              </a>
            </div>
            <div
              className="rbc-date-cell"
              key="header_2"
              role="cell"
            >
              <a
                href="#"
                onClick={[Function]}
                role="cell"
              >
                02
              </a>
            </div>
            <div
              className="rbc-date-cell"
              key="header_3"
              role="cell"
            >
              <a
                href="#"
                onClick={[Function]}
                role="cell"
              >
                03
              </a>
            </div>
            <div
              className="rbc-date-cell"
              key="header_4"
              role="cell"
            >
              <a
                href="#"
                onClick={[Function]}
                role="cell"
              >
                04
              </a>
            </div>
            <div
              className="rbc-date-cell"
              key="header_5"
              role="cell"
            >
              <a
                href="#"
                onClick={[Function]}
                role="cell"
              >
                05
              </a>
            </div>
            <div
              className="rbc-date-cell"
              key="header_6"
              role="cell"
            >
              <a
                href="#"
                onClick={[Function]}
                role="cell"
              >
                06
              </a>
            </div>
          </div>
        </div>
      </div>
      <div
        className="rbc-month-row"
        role="rowgroup"
      >
        <div
          className="rbc-row-bg"
        >
          <div
            className="rbc-day-bg"
          />
          <div
            className="rbc-day-bg"
          />
          <div
            className="rbc-day-bg"
          />
          <div
            className="rbc-day-bg"
          />
          <div
            className="rbc-day-bg"
          />
          <div
            className="rbc-day-bg"
          />
          <div
            className="rbc-day-bg"
          />
        </div>
        <div
          className="rbc-row-content"
          role="row"
        >
          <div
            className="rbc-row "
          >
            <div
              className="rbc-date-cell"
              key="header_0"
              role="cell"
            >
              <a
                href="#"
                onClick={[Function]}
                role="cell"
              >
                07
              </a>
            </div>
            <div
              className="rbc-date-cell"
              key="header_1"
              role="cell"
            >
              <a
                href="#"
                onClick={[Function]}
                role="cell"
              >
                08
              </a>
            </div>
            <div
              className="rbc-date-cell"
              key="header_2"
              role="cell"
            >
              <a
                href="#"
                onClick={[Function]}
                role="cell"
              >
                09
              </a>
            </div>
            <div
              className="rbc-date-cell"
              key="header_3"
              role="cell"
            >
              <a
                href="#"
                onClick={[Function]}
                role="cell"
              >
                10
              </a>
            </div>
            <div
              className="rbc-date-cell"
              key="header_4"
              role="cell"
            >
              <a
                href="#"
                onClick={[Function]}
                role="cell"
              >
                11
              </a>
            </div>
            <div
              className="rbc-date-cell"
              key="header_5"
              role="cell"
            >
              <a
                href="#"
                onClick={[Function]}
                role="cell"
              >
                12
              </a>
            </div>
            <div
              className="rbc-date-cell"
              key="header_6"
              role="cell"
            >
              <a
                href="#"
                onClick={[Function]}
                role="cell"
              >
                13
              </a>
            </div>
          </div>
        </div>
      </div>
      <div
        className="rbc-month-row"
        role="rowgroup"
      >
        <div
          className="rbc-row-bg"
        >
          <div
            className="rbc-day-bg"
          />
          <div
            className="rbc-day-bg"
          />
          <div
            className="rbc-day-bg"
          />
          <div
            className="rbc-day-bg rbc-today"
          />
          <div
            className="rbc-day-bg"
          />
          <div
            className="rbc-day-bg"
          />
          <div
            className="rbc-day-bg"
          />
        </div>
        <div
          className="rbc-row-content"
          role="row"
        >
          <div
            className="rbc-row "
          >
            <div
              className="rbc-date-cell"
              key="header_0"
              role="cell"
            >
              <a
                href="#"
                onClick={[Function]}
                role="cell"
              >
                14
              </a>
            </div>
            <div
              className="rbc-date-cell"
              key="header_1"
              role="cell"
            >
              <a
                href="#"
                onClick={[Function]}
                role="cell"
              >
                15
              </a>
            </div>
            <div
              className="rbc-date-cell"
              key="header_2"
              role="cell"
            >
              <a
                href="#"
                onClick={[Function]}
                role="cell"
              >
                16
              </a>
            </div>
            <div
              className="rbc-date-cell rbc-now rbc-current"
              key="header_3"
              role="cell"
            >
              <a
                href="#"
                onClick={[Function]}
                role="cell"
              >
                17
              </a>
            </div>
            <div
              className="rbc-date-cell"
              key="header_4"
              role="cell"
            >
              <a
                href="#"
                onClick={[Function]}
                role="cell"
              >
                18
              </a>
            </div>
            <div
              className="rbc-date-cell"
              key="header_5"
              role="cell"
            >
              <a
                href="#"
                onClick={[Function]}
                role="cell"
              >
                19
              </a>
            </div>
            <div
              className="rbc-date-cell"
              key="header_6"
              role="cell"
            >
              <a
                href="#"
                onClick={[Function]}
                role="cell"
              >
                20
              </a>
            </div>
          </div>
        </div>
      </div>
      <div
        className="rbc-month-row"
        role="rowgroup"
      >
        <div
          className="rbc-row-bg"
        >
          <div
            className="rbc-day-bg"
          />
          <div
            className="rbc-day-bg"
          />
          <div
            className="rbc-day-bg"
          />
          <div
            className="rbc-day-bg"
          />
          <div
            className="rbc-day-bg"
          />
          <div
            className="rbc-day-bg"
          />
          <div
            className="rbc-day-bg"
          />
        </div>
        <div
          className="rbc-row-content"
          role="row"
        >
          <div
            className="rbc-row "
          >
            <div
              className="rbc-date-cell"
              key="header_0"
              role="cell"
            >
              <a
                href="#"
                onClick={[Function]}
                role="cell"
              >
                21
              </a>
            </div>
            <div
              className="rbc-date-cell"
              key="header_1"
              role="cell"
            >
              <a
                href="#"
                onClick={[Function]}
                role="cell"
              >
                22
              </a>
            </div>
            <div
              className="rbc-date-cell"
              key="header_2"
              role="cell"
            >
              <a
                href="#"
                onClick={[Function]}
                role="cell"
              >
                23
              </a>
            </div>
            <div
              className="rbc-date-cell"
              key="header_3"
              role="cell"
            >
              <a
                href="#"
                onClick={[Function]}
                role="cell"
              >
                24
              </a>
            </div>
            <div
              className="rbc-date-cell"
              key="header_4"
              role="cell"
            >
              <a
                href="#"
                onClick={[Function]}
                role="cell"
              >
                25
              </a>
            </div>
            <div
              className="rbc-date-cell"
              key="header_5"
              role="cell"
            >
              <a
                href="#"
                onClick={[Function]}
                role="cell"
              >
                26
              </a>
            </div>
            <div
              className="rbc-date-cell"
              key="header_6"
              role="cell"
            >
              <a
                href="#"
                onClick={[Function]}
                role="cell"
              >
                27
              </a>
            </div>
          </div>
        </div>
      </div>
      <div
        className="rbc-month-row"
        role="rowgroup"
      >
        <div
          className="rbc-row-bg"
        >
          <div
            className="rbc-day-bg"
          />
          <div
            className="rbc-day-bg"
          />
          <div
            className="rbc-day-bg"
          />
          <div
            className="rbc-day-bg rbc-off-range-bg"
          />
          <div
            className="rbc-day-bg rbc-off-range-bg"
          />
          <div
            className="rbc-day-bg rbc-off-range-bg"
          />
          <div
            className="rbc-day-bg rbc-off-range-bg"
          />
        </div>
        <div
          className="rbc-row-content"
          role="row"
        >
          <div
            className="rbc-row "
          >
            <div
              className="rbc-date-cell"
              key="header_0"
              role="cell"
            >
              <a
                href="#"
                onClick={[Function]}
                role="cell"
              >
                28
              </a>
            </div>
            <div
              className="rbc-date-cell"
              key="header_1"
              role="cell"
            >
              <a
                href="#"
                onClick={[Function]}
                role="cell"
              >
                29
              </a>
            </div>
            <div
              className="rbc-date-cell"
              key="header_2"
              role="cell"
            >
              <a
                href="#"
                onClick={[Function]}
                role="cell"
              >
                30
              </a>
            </div>
            <div
              className="rbc-date-cell rbc-off-range"
              key="header_3"
              role="cell"
            >
              <a
                href="#"
                onClick={[Function]}
                role="cell"
              >
                01
              </a>
            </div>
            <div
              className="rbc-date-cell rbc-off-range"
              key="header_4"
              role="cell"
            >
              <a
                href="#"
                onClick={[Function]}
                role="cell"
              >
                02
              </a>
            </div>
            <div
              className="rbc-date-cell rbc-off-range"
              key="header_5"
              role="cell"
            >
              <a
                href="#"
                onClick={[Function]}
                role="cell"
              >
                03
              </a>
            </div>
            <div
              className="rbc-date-cell rbc-off-range"
              key="header_6"
              role="cell"
            >
              <a
                href="#"
                onClick={[Function]}
                role="cell"
              >
                04
              </a>
            </div>
          </div>
        </div>
      </div>
    </div>
  </div>
  <div
    className="Toastify"
  />
</main>
`;
